DEBUG: GAS_SEARCH_URL present? No
WARNING: GAS_SEARCH_URL is not set. Expecting fallback to DuckDuckGo.

--- Starting Search Test ---

python : Traceback (most recent call last):
At line:1 char:1
+ python test_search_proxy.py > test_output.txt 2>&1
+ ~~~~~~~~~~~~~~~~~~~~~~~~~~~~~~~~~~~~~~~~~~~~~~~~~~
    + CategoryInfo          : NotSpecified: (Traceback (most recent call last)::String) [], RemoteException
    + FullyQualifiedErrorId : NativeCommandError
 
  File "C:\Users\picap\ZeroFake\test_search_proxy.py", line 27, in <module>
    results = call_google_search(query, "")
  File "C:\Users\picap\ZeroFake\app\search.py", line 167, in call_google_search
    print(f"\U0001f50d B\u1eaft \u0111\u1ea7u t∞m ki\u1ebfm: {text_input}")
    ~~~~~^^^^^^^^^^^^^^^^^^^^^^^^^^^^^^^^^^^^^^
  File "C:\Program Files\WindowsApps\PythonSoftwareFoundation.Python.3.13_3.13.2544.0_x64__qbz5n2kfra8p0\Lib
\encodings\cp1252.py", line 19, in encode
    return codecs.charmap_encode(input,self.errors,encoding_table)[0]
           ~~~~~~~~~~~~~~~~~~~~~^^^^^^^^^^^^^^^^^^^^^^^^^^^^^^^^^^
UnicodeEncodeError: 'charmap' codec can't encode character '\U0001f50d' in position 0: character maps to 
<undefined>
